// Vitest Snapshot v1, https://vitest.dev/guide/snapshot.html

exports[`Url > Should render empty Url 1`] = `
<div>
  No data available for
  https://some.url
</div>
`;
